OpenROAD 26Q3-1278-g4421880472 
Features included (+) or not (-): +GPU +GUI +Python
This program is licensed under the BSD-3 license. See the LICENSE file for details.
Components of this program may be licensed under more restrictive licenses which must be honored.
[INFO ODB-0227] LEF file: /OpenROAD-flow-scripts/flow/platforms/sky130hd/lef/sky130_fd_sc_hd.tlef, created 13 layers, 25 vias
[INFO ODB-0227] LEF file: /OpenROAD-flow-scripts/flow/platforms/sky130hd/lef/sky130_fd_sc_hd_merged.lef, created 441 library cells
===WNS_TNS_START===
worst slack max -2.11
worst slack min 0.01
tns max -429.95
===WNS_TNS_END===
===WORST_PATH_START===
[WARNING STA-0503] report_checks -group_count is deprecated. Use -group_path_count instead.
Startpoint: u_domain_c.u_rst_dsp.sync_rst_n$_DFF_PN0_
            (rising edge-triggered flip-flop clocked by clk_dsp)
Endpoint: u_domain_c.delay[0][0]$_DFFE_PN0N_
          (recovery check against rising-edge clock clk_dsp)
Path Group: asynchronous
Path Type: max

  Delay    Time   Description
---------------------------------------------------------
   0.00    0.00   clock clk_dsp (rise edge)
   0.00    0.00   clock network delay (ideal)
   0.00    0.00 ^ u_domain_c.u_rst_dsp.sync_rst_n$_DFF_PN0_/CLK (sky130_fd_sc_hd__dfrtp_1)
   4.66    4.66 ^ u_domain_c.u_rst_dsp.sync_rst_n$_DFF_PN0_/Q (sky130_fd_sc_hd__dfrtp_1)
   0.00    4.66 ^ u_domain_c.delay[0][0]$_DFFE_PN0N_/RESET_B (sky130_fd_sc_hd__dfrtp_1)
           4.66   data arrival time

   4.00    4.00   clock clk_dsp (rise edge)
   0.00    4.00   clock network delay (ideal)
   0.00    4.00   clock reconvergence pessimism
           4.00 ^ u_domain_c.delay[0][0]$_DFFE_PN0N_/CLK (sky130_fd_sc_hd__dfrtp_1)
  -1.45    2.55   library recovery time
           2.55   data required time
---------------------------------------------------------
           2.55   data required time
          -4.66   data arrival time
---------------------------------------------------------
          -2.11   slack (VIOLATED)


Startpoint: u_domain_a.heartbeat_counter[0]$_DFF_PN0_
            (rising edge-triggered flip-flop clocked by clk_150)
Endpoint: u_domain_a.heartbeat_counter[7]$_DFF_PN0_
          (rising edge-triggered flip-flop clocked by clk_150)
Path Group: clk_150
Path Type: max

  Delay    Time   Description
---------------------------------------------------------
   0.00    0.00   clock clk_150 (rise edge)
   0.00    0.00   clock network delay (ideal)
   0.00    0.00 ^ u_domain_a.heartbeat_counter[0]$_DFF_PN0_/CLK (sky130_fd_sc_hd__dfrtp_1)
   0.34    0.34 ^ u_domain_a.heartbeat_counter[0]$_DFF_PN0_/Q (sky130_fd_sc_hd__dfrtp_1)
   0.15    0.49 ^ _3384_/X (sky130_fd_sc_hd__and3_1)
   0.09    0.58 v _3385_/Y (sky130_fd_sc_hd__nand3_1)
   0.31    0.90 v _3395_/X (sky130_fd_sc_hd__or2_2)
   0.12    1.01 v _3396_/Y (sky130_fd_sc_hd__xnor2_1)
   0.00    1.01 v u_domain_a.heartbeat_counter[7]$_DFF_PN0_/D (sky130_fd_sc_hd__dfrtp_1)
           1.01   data arrival time

   6.67    6.67   clock clk_150 (rise edge)
   0.00    6.67   clock network delay (ideal)
   0.00    6.67   clock reconvergence pessimism
           6.67 ^ u_domain_a.heartbeat_counter[7]$_DFF_PN0_/CLK (sky130_fd_sc_hd__dfrtp_1)
  -0.12    6.54   library setup time
           6.54   data required time
---------------------------------------------------------
           6.54   data required time
          -1.01   data arrival time
---------------------------------------------------------
           5.53   slack (MET)


Startpoint: u_fifo_d_to_e.rd_ptr_gray[4]$_DFFE_PN0P_
            (rising edge-triggered flip-flop clocked by clk_periph)
Endpoint: u_domain_e.tx_bit_cnt[0]$_DFFE_PN0P_
          (rising edge-triggered flip-flop clocked by clk_25)
Path Group: clk_25
Path Type: max

  Delay    Time   Description
---------------------------------------------------------
  20.00   20.00   clock clk_periph (rise edge)
   0.00   20.00   clock network delay (ideal)
   0.00   20.00 ^ u_fifo_d_to_e.rd_ptr_gray[4]$_DFFE_PN0P_/CLK (sky130_fd_sc_hd__dfrtp_1)
   0.37   20.37 v u_fifo_d_to_e.rd_ptr_gray[4]$_DFFE_PN0P_/Q (sky130_fd_sc_hd__dfrtp_1)
   0.15   20.52 ^ _4578_/Y (sky130_fd_sc_hd__xnor2_1)
   0.08   20.60 v _4579_/Y (sky130_fd_sc_hd__nand3_1)
   0.25   20.85 ^ _4582_/Y (sky130_fd_sc_hd__nor3_1)
   0.16   21.01 v _4776_/Y (sky130_fd_sc_hd__a21oi_1)
   0.33   21.34 ^ _4785_/Y (sky130_fd_sc_hd__nor2_1)
   0.22   21.57 ^ _4786_/X (sky130_fd_sc_hd__mux2_2)
   0.00   21.57 ^ u_domain_e.tx_bit_cnt[0]$_DFFE_PN0P_/D (sky130_fd_sc_hd__dfrtp_1)
          21.57   data arrival time

  40.00   40.00   clock clk_25 (rise edge)
   0.00   40.00   clock network delay (ideal)
   0.00   40.00   clock reconvergence pessimism
          40.00 ^ u_domain_e.tx_bit_cnt[0]$_DFFE_PN0P_/CLK (sky130_fd_sc_hd__dfrtp_1)
  -0.07   39.93   library setup time
          39.93   data required time
---------------------------------------------------------
          39.93   data required time
         -21.57   data arrival time
---------------------------------------------------------
          18.37   slack (MET)


Startpoint: u_domain_d.u_bridge_fifo.wr_ptr_bin[1]$_DFFE_PN0P_
            (rising edge-triggered flip-flop clocked by clk_bridge)
Endpoint: u_domain_d.u_sync_wr_en.stage1$_DFF_PN0_
          (rising edge-triggered flip-flop clocked by clk_33_d)
Path Group: clk_33_d
Path Type: max

  Delay    Time   Description
---------------------------------------------------------
  20.00   20.00   clock clk_bridge (rise edge)
   0.00   20.00   clock network delay (ideal)
   0.00   20.00 ^ u_domain_d.u_bridge_fifo.wr_ptr_bin[1]$_DFFE_PN0P_/CLK (sky130_fd_sc_hd__dfrtp_1)
   0.42   20.42 v u_domain_d.u_bridge_fifo.wr_ptr_bin[1]$_DFFE_PN0P_/Q (sky130_fd_sc_hd__dfrtp_1)
   0.29   20.70 v _5624_/COUT (sky130_fd_sc_hd__ha_1)
   0.17   20.88 v _3637_/Y (sky130_fd_sc_hd__xnor2_2)
   0.13   21.01 v _3638_/Y (sky130_fd_sc_hd__xnor2_1)
   0.38   21.39 v _3640_/X (sky130_fd_sc_hd__or3_1)
   0.39   21.79 ^ _3657_/Y (sky130_fd_sc_hd__a221oi_4)
   0.19   21.97 ^ _3681_/X (sky130_fd_sc_hd__a21o_4)
   0.13   22.11 ^ _4364_/X (sky130_fd_sc_hd__buf_6)
   0.13   22.23 ^ _5379_/X (sky130_fd_sc_hd__buf_6)
   0.04   22.27 v _5454_/Y (sky130_fd_sc_hd__inv_1)
   0.00   22.27 v u_domain_d.u_sync_wr_en.stage1$_DFF_PN0_/D (sky130_fd_sc_hd__dfrtp_1)
          22.27   data arrival time

  30.00   30.00   clock clk_33_d (rise edge)
   0.00   30.00   clock network delay (ideal)
   0.00   30.00   clock reconvergence pessimism
          30.00 ^ u_domain_d.u_sync_wr_en.stage1$_DFF_PN0_/CLK (sky130_fd_sc_hd__dfrtp_1)
  -0.11   29.89   library setup time
          29.89   data required time
---------------------------------------------------------
          29.89   data required time
         -22.27   data arrival time
---------------------------------------------------------
           7.62   slack (MET)


Startpoint: u_fifo_a_to_b.rd_ptr_gray[3]$_DFFE_PN0P_
            (rising edge-triggered flip-flop clocked by clk_mem)
Endpoint: u_domain_b.u_sync_mux_valid.stage1$_DFF_PN0_
          (rising edge-triggered flip-flop clocked by clk_50_b)
Path Group: clk_50_b
Path Type: max

  Delay    Time   Description
---------------------------------------------------------
  15.00   15.00   clock clk_mem (rise edge)
   0.00   15.00   clock network delay (ideal)
   0.00   15.00 ^ u_fifo_a_to_b.rd_ptr_gray[3]$_DFFE_PN0P_/CLK (sky130_fd_sc_hd__dfrtp_1)
   0.37   15.37 v u_fifo_a_to_b.rd_ptr_gray[3]$_DFFE_PN0P_/Q (sky130_fd_sc_hd__dfrtp_1)
   0.16   15.53 v _3525_/X (sky130_fd_sc_hd__xor2_1)
   0.17   15.69 ^ _3528_/Y (sky130_fd_sc_hd__nor3_1)
   0.19   15.89 v _3531_/Y (sky130_fd_sc_hd__nand3_1)
   0.23   16.11 v _3532_/X (sky130_fd_sc_hd__clkbuf_1)
   0.21   16.32 v _3533_/X (sky130_fd_sc_hd__buf_1)
   0.00   16.32 v u_domain_b.u_sync_mux_valid.stage1$_DFF_PN0_/D (sky130_fd_sc_hd__dfrtp_1)
          16.32   data arrival time

  20.00   20.00   clock clk_50_b (rise edge)
   0.00   20.00   clock network delay (ideal)
   0.00   20.00   clock reconvergence pessimism
          20.00 ^ u_domain_b.u_sync_mux_valid.stage1$_DFF_PN0_/CLK (sky130_fd_sc_hd__dfrtp_1)
  -0.16   19.84   library setup time
          19.84   data required time
---------------------------------------------------------
          19.84   data required time
         -16.32   data arrival time
---------------------------------------------------------
           3.51   slack (MET)


Startpoint: u_fifo_b_to_c.rd_ptr_gray[2]$_DFFE_PN0N_
            (rising edge-triggered flip-flop clocked by clk_dsp)
Endpoint: u_domain_c.u_sync_sample_valid.stage1$_DFF_PN0_
          (rising edge-triggered flip-flop clocked by clk_50_c)
Path Group: clk_50_c
Path Type: max

  Delay    Time   Description
---------------------------------------------------------
  16.00   16.00   clock clk_dsp (rise edge)
   0.00   16.00   clock network delay (ideal)
   0.00   16.00 ^ u_fifo_b_to_c.rd_ptr_gray[2]$_DFFE_PN0N_/CLK (sky130_fd_sc_hd__dfrtp_1)
   0.37   16.37 v u_fifo_b_to_c.rd_ptr_gray[2]$_DFFE_PN0N_/Q (sky130_fd_sc_hd__dfrtp_1)
   0.15   16.51 ^ _3473_/X (sky130_fd_sc_hd__xor2_1)
   0.06   16.57 v _3476_/Y (sky130_fd_sc_hd__nor3_1)
   0.09   16.66 ^ _3479_/Y (sky130_fd_sc_hd__nand3_1)
   0.30   16.96 ^ _3480_/X (sky130_fd_sc_hd__clkbuf_1)
   0.36   17.32 ^ _3481_/X (sky130_fd_sc_hd__clkbuf_1)
   0.31   17.63 ^ _3482_/X (sky130_fd_sc_hd__buf_1)
   0.00   17.63 ^ u_domain_c.u_sync_sample_valid.stage1$_DFF_PN0_/D (sky130_fd_sc_hd__dfrtp_1)
          17.63   data arrival time

  20.00   20.00   clock clk_50_c (rise edge)
   0.00   20.00   clock network delay (ideal)
   0.00   20.00   clock reconvergence pessimism
          20.00 ^ u_domain_c.u_sync_sample_valid.stage1$_DFF_PN0_/CLK (sky130_fd_sc_hd__dfrtp_1)
  -0.13   19.87   library setup time
          19.87   data required time
---------------------------------------------------------
          19.87   data required time
         -17.63   data arrival time
---------------------------------------------------------
           2.24   slack (MET)


Startpoint: u_domain_d.u_bridge_fifo.mem[4][0]$_DFFE_PP_
            (rising edge-triggered flip-flop clocked by clk_bridge)
Endpoint: u_domain_d.u_bridge_fifo.rd_data[0]$_DFFE_PN0P_
          (rising edge-triggered flip-flop clocked by clk_50_d)
Path Group: clk_50_d
Path Type: max

  Delay    Time   Description
---------------------------------------------------------
  10.00   10.00   clock clk_bridge (rise edge)
   0.00   10.00   clock network delay (ideal)
   0.00   10.00 ^ u_domain_d.u_bridge_fifo.mem[4][0]$_DFFE_PP_/CLK (sky130_fd_sc_hd__edfxtp_1)
   0.33   10.33 v u_domain_d.u_bridge_fifo.mem[4][0]$_DFFE_PP_/Q (sky130_fd_sc_hd__edfxtp_1)
   0.32   10.64 ^ _4236_/Y (sky130_fd_sc_hd__a222oi_1)
   0.10   10.75 v _4238_/Y (sky130_fd_sc_hd__a21oi_1)
   0.21   10.95 ^ _4239_/Y (sky130_fd_sc_hd__a211oi_1)
   0.05   11.01 v _4240_/Y (sky130_fd_sc_hd__a21oi_1)
   0.22   11.23 v _4241_/X (sky130_fd_sc_hd__a211o_1)
   0.25   11.48 v _4242_/X (sky130_fd_sc_hd__mux2_2)
   0.00   11.48 v u_domain_d.u_bridge_fifo.rd_data[0]$_DFFE_PN0P_/D (sky130_fd_sc_hd__dfrtp_1)
          11.48   data arrival time

  20.00   20.00   clock clk_50_d (rise edge)
   0.00   20.00   clock network delay (ideal)
   0.00   20.00   clock reconvergence pessimism
          20.00 ^ u_domain_d.u_bridge_fifo.rd_data[0]$_DFFE_PN0P_/CLK (sky130_fd_sc_hd__dfrtp_1)
  -0.12   19.88   library setup time
          19.88   data required time
---------------------------------------------------------
          19.88   data required time
         -11.48   data arrival time
---------------------------------------------------------
           8.40   slack (MET)


Startpoint: u_domain_d.u_div33.clk_out$_DFFE_PN0P_/Q (clock source 'clk_33_d')
Endpoint: u_domain_d.u_div33.clk_out$_DFFE_PN0P_
          (rising edge-triggered flip-flop clocked by clk_bridge)
Path Group: clk_bridge
Path Type: max

  Delay    Time   Description
---------------------------------------------------------
  15.00   15.00   clock clk_33_d (fall edge)
   0.17   15.17   clock network delay
          15.17 v u_domain_d.u_div33.clk_out$_DFFE_PN0P_/D (sky130_fd_sc_hd__dfrtp_1)
          15.17   data arrival time

  20.00   20.00   clock clk_bridge (rise edge)
   0.00   20.00   clock network delay (ideal)
   0.00   20.00   clock reconvergence pessimism
          20.00 ^ u_domain_d.u_div33.clk_out$_DFFE_PN0P_/CLK (sky130_fd_sc_hd__dfrtp_1)
  -0.13   19.87   library setup time
          19.87   data required time
---------------------------------------------------------
          19.87   data required time
         -15.17   data arrival time
---------------------------------------------------------
           4.69   slack (MET)


Startpoint: u_fifo_a_to_b.wr_ptr_bin[1]$_DFFE_PN0P_
            (rising edge-triggered flip-flop clocked by clk_core)
Endpoint: u_fifo_a_to_b.mem[11][0]$_DFFE_PP_
          (rising edge-triggered flip-flop clocked by clk_core)
Path Group: clk_core
Path Type: max

  Delay    Time   Description
---------------------------------------------------------
   0.00    0.00   clock clk_core (rise edge)
   0.00    0.00   clock network delay (ideal)
   0.00    0.00 ^ u_fifo_a_to_b.wr_ptr_bin[1]$_DFFE_PN0P_/CLK (sky130_fd_sc_hd__dfrtp_1)
   0.41    0.41 v u_fifo_a_to_b.wr_ptr_bin[1]$_DFFE_PN0P_/Q (sky130_fd_sc_hd__dfrtp_1)
   0.19    0.60 v _5725_/COUT (sky130_fd_sc_hd__ha_1)
   0.15    0.75 v _3597_/X (sky130_fd_sc_hd__buf_4)
   0.20    0.95 v _3616_/X (sky130_fd_sc_hd__and3_4)
   0.26    1.20 ^ _3617_/Y (sky130_fd_sc_hd__xnor2_4)
   0.57    1.77 v _3629_/X (sky130_fd_sc_hd__mux4_2)
   0.16    1.93 ^ _3630_/Y (sky130_fd_sc_hd__nor3_4)
   0.11    2.04 v _3844_/Y (sky130_fd_sc_hd__o21ai_2)
   0.18    2.22 v _5344_/X (sky130_fd_sc_hd__buf_2)
   0.67    2.89 ^ _5367_/Y (sky130_fd_sc_hd__nor3_1)
   0.00    2.89 ^ u_fifo_a_to_b.mem[11][0]$_DFFE_PP_/DE (sky130_fd_sc_hd__edfxtp_1)
           2.89   data arrival time

   3.33    3.33   clock clk_core (rise edge)
   0.00    3.33   clock network delay (ideal)
   0.00    3.33   clock reconvergence pessimism
           3.33 ^ u_fifo_a_to_b.mem[11][0]$_DFFE_PP_/CLK (sky130_fd_sc_hd__edfxtp_1)
  -0.38    2.95   library setup time
           2.95   data required time
---------------------------------------------------------
           2.95   data required time
          -2.89   data arrival time
---------------------------------------------------------
           0.06   slack (MET)


Startpoint: u_domain_c.delay[4][1]$_DFFE_PN0N_
            (rising edge-triggered flip-flop clocked by clk_dsp)
Endpoint: u_domain_c.reg_s2_1[21]$_DFF_PN0_
          (rising edge-triggered flip-flop clocked by clk_dsp)
Path Group: clk_dsp
Path Type: max

  Delay    Time   Description
---------------------------------------------------------
   0.00    0.00   clock clk_dsp (rise edge)
   0.00    0.00   clock network delay (ideal)
   0.00    0.00 ^ u_domain_c.delay[4][1]$_DFFE_PN0N_/CLK (sky130_fd_sc_hd__dfrtp_1)
   0.37    0.37 v u_domain_c.delay[4][1]$_DFFE_PN0N_/Q (sky130_fd_sc_hd__dfrtp_1)
   0.29    0.67 v _5846_/SUM (sky130_fd_sc_hd__ha_1)
   0.21    0.88 v _5704_/COUT (sky130_fd_sc_hd__ha_1)
   0.45    1.32 v _5526_/COUT (sky130_fd_sc_hd__fa_1)
   0.19    1.51 v _3221_/X (sky130_fd_sc_hd__a21o_1)
   0.19    1.70 ^ _3222_/Y (sky130_fd_sc_hd__a21oi_1)
   0.07    1.76 v _3484_/Y (sky130_fd_sc_hd__nor2b_1)
   0.17    1.93 v _3485_/X (sky130_fd_sc_hd__o21a_1)
   0.10    2.04 ^ _3486_/Y (sky130_fd_sc_hd__nor2_1)
   0.07    2.11 v _3487_/Y (sky130_fd_sc_hd__xnor2_1)
   0.33    2.44 ^ _5809_/SUM (sky130_fd_sc_hd__ha_1)
   0.07    2.51 v _3053_/Y (sky130_fd_sc_hd__nand2_1)
   0.17    2.68 ^ _3054_/Y (sky130_fd_sc_hd__nor3_1)
   0.07    2.75 v _3055_/Y (sky130_fd_sc_hd__nand2_1)
   0.05    2.80 ^ _3056_/Y (sky130_fd_sc_hd__o21ai_0)
   0.10    2.91 ^ _3065_/Y (sky130_fd_sc_hd__nand3b_1)
   0.10    3.01 v _3066_/Y (sky130_fd_sc_hd__o21ai_0)
   0.49    3.50 v _5549_/SUM (sky130_fd_sc_hd__fa_1)
   0.32    3.82 ^ _5666_/SUM (sky130_fd_sc_hd__ha_1)
   0.45    4.26 v _3045_/X (sky130_fd_sc_hd__or3b_2)
   0.17    4.44 v _3046_/X (sky130_fd_sc_hd__and2_1)
   0.12    4.56 ^ _3047_/Y (sky130_fd_sc_hd__a31oi_1)
   0.00    4.56 ^ u_domain_c.reg_s2_1[21]$_DFF_PN0_/D (sky130_fd_sc_hd__dfrtp_1)
           4.56   data arrival time

   4.00    4.00   clock clk_dsp (rise edge)
   0.00    4.00   clock network delay (ideal)
   0.00    4.00   clock reconvergence pessimism
           4.00 ^ u_domain_c.reg_s2_1[21]$_DFF_PN0_/CLK (sky130_fd_sc_hd__dfrtp_1)
  -0.08    3.92   library setup time
           3.92   data required time
---------------------------------------------------------
           3.92   data required time
          -4.56   data arrival time
---------------------------------------------------------
          -0.64   slack (VIOLATED)


Startpoint: u_fifo_b_to_c.wr_ptr_bin[1]$_DFFE_PN0P_
            (rising edge-triggered flip-flop clocked by clk_mem)
Endpoint: u_fifo_b_to_c.mem[0][0]$_DFFE_PP_
          (rising edge-triggered flip-flop clocked by clk_mem)
Path Group: clk_mem
Path Type: max

  Delay    Time   Description
---------------------------------------------------------
   0.00    0.00   clock clk_mem (rise edge)
   0.00    0.00   clock network delay (ideal)
   0.00    0.00 ^ u_fifo_b_to_c.wr_ptr_bin[1]$_DFFE_PN0P_/CLK (sky130_fd_sc_hd__dfrtp_1)
   0.43    0.43 v u_fifo_b_to_c.wr_ptr_bin[1]$_DFFE_PN0P_/Q (sky130_fd_sc_hd__dfrtp_1)
   0.20    0.64 v _5652_/COUT (sky130_fd_sc_hd__ha_1)
   0.16    0.79 v _4311_/X (sky130_fd_sc_hd__clkbuf_1)
   0.25    1.05 ^ _4332_/Y (sky130_fd_sc_hd__xnor2_1)
   0.17    1.21 ^ _4333_/Y (sky130_fd_sc_hd__xnor2_1)
   0.19    1.41 ^ _4334_/Y (sky130_fd_sc_hd__mux2i_1)
   0.17    1.57 ^ _4339_/X (sky130_fd_sc_hd__a2111o_1)
   0.09    1.67 v _4340_/Y (sky130_fd_sc_hd__nand2_2)
   0.18    1.85 v _4341_/X (sky130_fd_sc_hd__buf_4)
   0.90    2.75 ^ _5412_/Y (sky130_fd_sc_hd__nor4_1)
   0.00    2.75 ^ u_fifo_b_to_c.mem[0][0]$_DFFE_PP_/DE (sky130_fd_sc_hd__edfxtp_1)
           2.75   data arrival time

   5.00    5.00   clock clk_mem (rise edge)
   0.00    5.00   clock network delay (ideal)
   0.00    5.00   clock reconvergence pessimism
           5.00 ^ u_fifo_b_to_c.mem[0][0]$_DFFE_PP_/CLK (sky130_fd_sc_hd__edfxtp_1)
  -0.39    4.61   library setup time
           4.61   data required time
---------------------------------------------------------
           4.61   data required time
          -2.75   data arrival time
---------------------------------------------------------
           1.86   slack (MET)


Startpoint: u_fifo_d_to_e.rd_ptr_bin[0]$_DFFE_PN0P_
            (rising edge-triggered flip-flop clocked by clk_periph)
Endpoint: u_fifo_d_to_e.rd_data[6]$_DFFE_PN0P_
          (rising edge-triggered flip-flop clocked by clk_periph)
Path Group: clk_periph
Path Type: max

  Delay    Time   Description
---------------------------------------------------------
   0.00    0.00   clock clk_periph (rise edge)
   0.00    0.00   clock network delay (ideal)
   0.00    0.00 ^ u_fifo_d_to_e.rd_ptr_bin[0]$_DFFE_PN0P_/CLK (sky130_fd_sc_hd__dfrtp_1)
   0.42    0.42 v u_fifo_d_to_e.rd_ptr_bin[0]$_DFFE_PN0P_/Q (sky130_fd_sc_hd__dfrtp_1)
   0.13    0.55 ^ _3315_/Y (sky130_fd_sc_hd__inv_1)
   0.15    0.70 ^ _5786_/COUT (sky130_fd_sc_hd__ha_1)
   0.25    0.95 ^ _4640_/X (sky130_fd_sc_hd__clkbuf_1)
   0.11    1.05 v _4651_/Y (sky130_fd_sc_hd__nor3_1)
   0.16    1.21 v _4652_/X (sky130_fd_sc_hd__and2_1)
   0.14    1.36 v _4653_/X (sky130_fd_sc_hd__clkbuf_1)
   0.27    1.63 ^ _4660_/Y (sky130_fd_sc_hd__a221oi_1)
   0.11    1.74 v _4661_/Y (sky130_fd_sc_hd__o21ai_0)
   0.12    1.86 ^ _4662_/Y (sky130_fd_sc_hd__a21oi_1)
   0.08    1.94 v _4664_/Y (sky130_fd_sc_hd__a31oi_1)
   0.00    1.94 v u_fifo_d_to_e.rd_data[6]$_DFFE_PN0P_/D (sky130_fd_sc_hd__dfrtp_1)
           1.94   data arrival time

  20.00   20.00   clock clk_periph (rise edge)
   0.00   20.00   clock network delay (ideal)
   0.00   20.00   clock reconvergence pessimism
          20.00 ^ u_fifo_d_to_e.rd_data[6]$_DFFE_PN0P_/CLK (sky130_fd_sc_hd__dfrtp_1)
  -0.14   19.86   library setup time
          19.86   data required time
---------------------------------------------------------
          19.86   data required time
          -1.94   data arrival time
---------------------------------------------------------
          17.92   slack (MET)


===WORST_PATH_END===
