
 /----------------------------------------------------------------------------\
 |  yosys -- Yosys Open SYnthesis Suite                                       |
 |  Copyright (C) 2012 - 2026  Claire Xenia Wolf <claire@yosyshq.com>         |
 |  Distributed under an ISC-like license, type "license" to see terms        |
 \----------------------------------------------------------------------------/
 Yosys 0.67 (git sha1 2d1509d1b, Release, GNU /usr/local/bin/wrapped-cc/g++ 11.4.0)

-- Running command `read_verilog -sv results/sky130hd/nebula_soc_top/base/1_2_yosys.v; hierarchy -top nebula_soc_top; stat' --

1. Executing Verilog-2005 frontend: results/sky130hd/nebula_soc_top/base/1_2_yosys.v
Parsing SystemVerilog input from `results/sky130hd/nebula_soc_top/base/1_2_yosys.v' to AST representation.
Generating RTLIL representation for module `\nebula_soc_top'.
Successfully finished Verilog frontend.

2. Executing HIERARCHY pass (managing design hierarchy).

2.1. Analyzing design hierarchy..
Top module:  \nebula_soc_top

2.2. Analyzing design hierarchy..
Top module:  \nebula_soc_top
Removed 0 unused modules.

3. Printing statistics.

=== nebula_soc_top ===

        +----------Local Count, excluding submodules.
        | 
    80937 wires
    80945 wire bits
    80937 public wires
    80945 public wire bits
       10 ports
       18 port bits
    68510 cells
       28   sky130_fd_sc_hd__a2111o_1
      205   sky130_fd_sc_hd__a2111oi_0
        4   sky130_fd_sc_hd__a2111oi_1
        1   sky130_fd_sc_hd__a2111oi_2
      110   sky130_fd_sc_hd__a211o_1
      485   sky130_fd_sc_hd__a211oi_1
       33   sky130_fd_sc_hd__a211oi_2
        7   sky130_fd_sc_hd__a21bo_2
       99   sky130_fd_sc_hd__a21boi_0
        1   sky130_fd_sc_hd__a21boi_1
     1856   sky130_fd_sc_hd__a21o_1
     4949   sky130_fd_sc_hd__a21oi_1
        1   sky130_fd_sc_hd__a21oi_2
       12   sky130_fd_sc_hd__a221o_1
      172   sky130_fd_sc_hd__a221oi_1
        1   sky130_fd_sc_hd__a221oi_2
       53   sky130_fd_sc_hd__a222oi_1
       55   sky130_fd_sc_hd__a22o_1
       96   sky130_fd_sc_hd__a22oi_1
       39   sky130_fd_sc_hd__a311o_1
      124   sky130_fd_sc_hd__a311oi_1
      178   sky130_fd_sc_hd__a31o_1
      159   sky130_fd_sc_hd__a31o_2
      551   sky130_fd_sc_hd__a31oi_1
        1   sky130_fd_sc_hd__a31oi_2
        7   sky130_fd_sc_hd__a32o_1
       14   sky130_fd_sc_hd__a32oi_1
       53   sky130_fd_sc_hd__a41o_1
      154   sky130_fd_sc_hd__a41oi_1
        1   sky130_fd_sc_hd__a41oi_2
      277   sky130_fd_sc_hd__and2_1
      367   sky130_fd_sc_hd__and3_1
        5   sky130_fd_sc_hd__and3b_1
       64   sky130_fd_sc_hd__and4_1
       49   sky130_fd_sc_hd__and4_4
        7   sky130_fd_sc_hd__and4b_1
       72   sky130_fd_sc_hd__buf_1
       26   sky130_fd_sc_hd__buf_2
       30   sky130_fd_sc_hd__buf_4
        3   sky130_fd_sc_hd__buf_6
      668   sky130_fd_sc_hd__clkbuf_1
        4   sky130_fd_sc_hd__clkinv_1
        2   sky130_fd_sc_hd__conb_1
    14867   sky130_fd_sc_hd__dfrtp_1
       10   sky130_fd_sc_hd__dfstp_2
      648   sky130_fd_sc_hd__edfxtp_1
     2460   sky130_fd_sc_hd__fa_1
     9969   sky130_fd_sc_hd__ha_1
     2165   sky130_fd_sc_hd__inv_1
        1   sky130_fd_sc_hd__inv_2
        7   sky130_fd_sc_hd__mux2_1
       68   sky130_fd_sc_hd__mux2_2
        3   sky130_fd_sc_hd__mux2_4
       83   sky130_fd_sc_hd__mux2i_1
       15   sky130_fd_sc_hd__mux4_2
     7680   sky130_fd_sc_hd__nand2_1
        1   sky130_fd_sc_hd__nand2_4
      563   sky130_fd_sc_hd__nand2b_1
      828   sky130_fd_sc_hd__nand3_1
        1   sky130_fd_sc_hd__nand3_4
       69   sky130_fd_sc_hd__nand3b_1
      359   sky130_fd_sc_hd__nand4_1
       64   sky130_fd_sc_hd__nand4b_1
     2634   sky130_fd_sc_hd__nor2_1
      812   sky130_fd_sc_hd__nor2b_1
     1090   sky130_fd_sc_hd__nor3_1
        1   sky130_fd_sc_hd__nor3_2
       37   sky130_fd_sc_hd__nor3b_1
      191   sky130_fd_sc_hd__nor4_1
        1   sky130_fd_sc_hd__nor4_2
       20   sky130_fd_sc_hd__nor4b_1
        1   sky130_fd_sc_hd__nor4b_2
        4   sky130_fd_sc_hd__nor4bb_1
        3   sky130_fd_sc_hd__o2111a_1
       33   sky130_fd_sc_hd__o2111ai_1
       17   sky130_fd_sc_hd__o211a_1
      226   sky130_fd_sc_hd__o211ai_1
      572   sky130_fd_sc_hd__o21a_1
     2405   sky130_fd_sc_hd__o21ai_0
       39   sky130_fd_sc_hd__o21ai_1
        2   sky130_fd_sc_hd__o21ai_2
        8   sky130_fd_sc_hd__o21ba_2
     1241   sky130_fd_sc_hd__o21bai_1
        1   sky130_fd_sc_hd__o221a_2
       39   sky130_fd_sc_hd__o221ai_1
        3   sky130_fd_sc_hd__o22a_1
       41   sky130_fd_sc_hd__o22ai_1
        1   sky130_fd_sc_hd__o2bb2ai_1
       21   sky130_fd_sc_hd__o311a_1
      214   sky130_fd_sc_hd__o311ai_0
        2   sky130_fd_sc_hd__o311ai_1
       45   sky130_fd_sc_hd__o31a_1
      234   sky130_fd_sc_hd__o31ai_1
        3   sky130_fd_sc_hd__o31ai_4
        1   sky130_fd_sc_hd__o32a_1
        2   sky130_fd_sc_hd__o32ai_1
       24   sky130_fd_sc_hd__o41a_1
      112   sky130_fd_sc_hd__o41ai_1
        4   sky130_fd_sc_hd__o41ai_2
        1   sky130_fd_sc_hd__or2_1
      243   sky130_fd_sc_hd__or2_2
      278   sky130_fd_sc_hd__or3_1
        9   sky130_fd_sc_hd__or3b_2
       78   sky130_fd_sc_hd__or4_1
       89   sky130_fd_sc_hd__or4_4
        6   sky130_fd_sc_hd__or4b_1
       18   sky130_fd_sc_hd__or4b_2
     4862   sky130_fd_sc_hd__xnor2_1
        2   sky130_fd_sc_hd__xnor2_2
        6   sky130_fd_sc_hd__xnor3_1
     1948   sky130_fd_sc_hd__xor2_1
        2   sky130_fd_sc_hd__xor3_1

End of script. Logfile hash: 4da238e502, time: 7.61s, user: 6.79s, system: 0.89s, MEM: 848.55 MB peak
Yosys 0.67 (git sha1 2d1509d1b, Release, GNU /usr/local/bin/wrapped-cc/g++ 11.4.0)
Time spent: 98% 2x read_verilog (7 sec), 0% 1x stat (0 sec), ...
Design area 802926 um^2 (256-tap scaled deliverable)
